
> Configure project :
Project : => 'com.example.proect_lab123' Java module

> Task :clean

> Task :compileJava
.\gradlew.bat : C:\Facultate\Anul_2\Semestru_2\SGBD\Proect_Lab123\src\main\java\module-info.java:1: warning: [module] module name component proect_lab123 should avoid terminal 
digits
At line:1 char:57
+ ... emestru_2\SGBD\Proect_Lab123"; .\gradlew.bat clean build 2>&1 | Tee-O ...
+                                    ~~~~~~~~~~~~~~~~~~~~~~~~~~~~~~
    + CategoryInfo          : NotSpecified: (C:\Facultate\An...terminal digits:String) [], RemoteException
    + FullyQualifiedErrorId : NativeCommandError
 
module com.example.proect_lab123 {
                  ^
1 warning

> Task :processResources
> Task :classes
> Task :jar
> Task :startScripts
> Task :distTar
> Task :distZip
> Task :assemble
> Task :mergeClasses SKIPPED
> Task :compileTestJava
> Task :processTestResources NO-SOURCE
> Task :testClasses
2026-04-24 08:50:02 [Test worker] INFO  org.gradle.api.internal.tasks.testing.worker.TestWorker - Gradle Test Executor 2 started executing tests.
2026-04-24 08:50:02 [Test worker] INFO  org.gradle.api.internal.tasks.testing.worker.TestWorker - Gradle Test Executor 2 finished executing tests.
> Task :test
> Task :check
> Task :build

[Incubating] Problems report is available at: file:///C:/Facultate/Anul_2/Semestru_2/SGBD/Proect_Lab123/build/reports/problems/problems-report.html

Deprecated Gradle features were used in this build, making it incompatible with Gradle 9.0.

You can use '--warning-mode all' to show the individual deprecation warnings and determine if they come from your own scripts or plugins.

For more on this, please refer to https://docs.gradle.org/8.13/userguide/command_line_interface.html#sec:command_line_warnings in the Gradle documentation.

BUILD SUCCESSFUL in 21s
9 actionable tasks: 9 executed
